// Jest Snapshot v1, https://goo.gl/fbAQLP

exports[`NoteItems Rendering should match to snapshot 1`] = `
Array [
  <View
    style={
      Object {
        "flexDirection": "row",
        "justifyContent": "flex-start",
      }
    }
  >
    <View
      accessible={true}
      clickable={true}
      isTVSelectable={true}
      onClick={[Function]}
      onResponderGrant={[Function]}
      onResponderMove={[Function]}
      onResponderRelease={[Function]}
      onResponderTerminate={[Function]}
      onResponderTerminationRequest={[Function]}
      onStartShouldSetResponder={[Function]}
      style={
        Object {
          "margin": 5,
          "marginLeft": 10,
          "marginRight": 10,
          "opacity": 1,
          "padding": 10,
        }
      }
      testID="checkbox"
    >
      <View
        style={
          Object {
            "alignItems": "center",
            "flexDirection": "row",
          }
        }
      >
        <Text
          allowFontScaling={false}
          style={
            Array [
              Object {
                "color": "#bfbfbf",
                "fontSize": 24,
              },
              Object {
                "minWidth": 24,
              },
              Object {
                "fontFamily": "FontAwesome",
                "fontStyle": "normal",
                "fontWeight": "normal",
              },
              Object {},
            ]
          }
        >
          
        </Text>
      </View>
    </View>
    <View
      style={
        Object {
          "flex": 1,
        }
      }
    >
      <Text
        accessible={true}
        clickable={true}
        onClick={[Function]}
        onResponderGrant={[Function]}
        onResponderMove={[Function]}
        onResponderRelease={[Function]}
        onResponderTerminate={[Function]}
        onResponderTerminationRequest={[Function]}
        onStartShouldSetResponder={[Function]}
        style={null}
      >
        tent
      </Text>
    </View>
    <View
      style={
        Object {
          "alignItems": "flex-start",
          "flex": 0.25,
          "justifyContent": "center",
          "margin": 1,
        }
      }
    />
  </View>,
  <View
    style={
      Object {
        "flexDirection": "row",
        "justifyContent": "flex-start",
      }
    }
  >
    <View
      accessible={true}
      clickable={true}
      isTVSelectable={true}
      onClick={[Function]}
      onResponderGrant={[Function]}
      onResponderMove={[Function]}
      onResponderRelease={[Function]}
      onResponderTerminate={[Function]}
      onResponderTerminationRequest={[Function]}
      onStartShouldSetResponder={[Function]}
      style={
        Object {
          "margin": 5,
          "marginLeft": 10,
          "marginRight": 10,
          "opacity": 1,
          "padding": 10,
        }
      }
      testID="checkbox"
    >
      <View
        style={
          Object {
            "alignItems": "center",
            "flexDirection": "row",
          }
        }
      >
        <Text
          allowFontScaling={false}
          style={
            Array [
              Object {
                "color": "#2089dc",
                "fontSize": 24,
              },
              Object {
                "minWidth": 24,
              },
              Object {
                "fontFamily": "FontAwesome",
                "fontStyle": "normal",
                "fontWeight": "normal",
              },
              Object {},
            ]
          }
        >
          
        </Text>
      </View>
    </View>
    <View
      style={
        Object {
          "flex": 1,
        }
      }
    >
      <Text
        accessible={true}
        clickable={true}
        onClick={[Function]}
        onResponderGrant={[Function]}
        onResponderMove={[Function]}
        onResponderRelease={[Function]}
        onResponderTerminate={[Function]}
        onResponderTerminationRequest={[Function]}
        onStartShouldSetResponder={[Function]}
        style={
          Object {
            "textDecorationLine": "line-through",
            "textDecorationStyle": "solid",
          }
        }
      >
        tent
      </Text>
    </View>
    <View
      style={
        Object {
          "alignItems": "flex-start",
          "flex": 0.25,
          "justifyContent": "center",
          "margin": 1,
        }
      }
    />
  </View>,
]
`;
